// Jest Snapshot v1, https://goo.gl/fbAQLP

exports[`<TableList /> Renders <TableList /> component correctly 1`] = `
<div>
  <table
    aria-label="Hacker News List"
    class="striped responsive-table"
    role="contentinfo"
  >
    <thead>
      <tr>
        <th>
          Comments
        </th>
        <th>
          Vote count
        </th>
        <th>
          UpVote
        </th>
        <th>
          New Details
        </th>
        <th>
          Â 
        </th>
      </tr>
    </thead>
    <tbody>
      <tr
        title="12345"
      >
        <td>
          10
        </td>
        <td>
          100
        </td>
        <td>
          <button
            aria-label="UP Vote"
            role="navigation"
            style="padding: 0px; font-size: 0px; width: 60px; height: 60px; background-color: rgba(0, 0, 0, 0.05); cursor: pointer; overflow: hidden;"
            type="button"
          >
            <i
              class="material-icons medium"
            >
              arrow_drop_up
            </i>
          </button>
        </td>
        <td>
          <h6>
            Test
          </h6>
          <small>
             https://www.google.com/search?q=test 
          </small>
          <small>
            by
          </small>
          <strong>
             Test 
          </strong>
          <small>
            <time
              datetime="2020-07-30T19:41:03.000Z"
              title="Thu Jul 30 2020 23:41:03 GMT+0400 (Gulf Standard Time)"
            >
              in 3 hours
            </time>
          </small>
        </td>
        <td>
          <button
            aria-label="Hide News"
            class="btn-small"
            role="navigation"
            type="button"
          >
            hide
          </button>
        </td>
      </tr>
    </tbody>
  </table>
</div>
`;
