// Jest Snapshot v1, https://goo.gl/fbAQLP

exports[`<Home /> Renders <Home /> component correctly 1`] = `
<div>
  <div
    aria-label="Home Page"
    role="main"
  >
    <div
      class="row"
    >
      <div
        class="section"
      >
        <table
          aria-label="Hacker News List"
          class="striped responsive-table"
          role="contentinfo"
        >
          <thead>
            <tr>
              <th>
                Comments
              </th>
              <th>
                Vote count
              </th>
              <th>
                UpVote
              </th>
              <th>
                New Details
              </th>
              <th>
                Â 
              </th>
            </tr>
          </thead>
          <tbody>
            <tr>
              <td
                colspan="5"
              >
                <div>
                  No Data Found
                </div>
              </td>
            </tr>
          </tbody>
        </table>
        <div
          class="carousel-container"
          style="padding-top: 20px; text-align: right;"
        >
          <button
            aria-label="Previous Button"
            class="btn red darken-4"
            disabled=""
            name="prev"
            role="navigation"
            style="margin-right: 10px;"
            type="button"
          >
            Previous
          </button>
          <button
            aria-label="Next Button"
            class="btn red darken-4"
            name="next"
            role="navigation"
            type="button"
          >
            Next
          </button>
        </div>
        
      </div>
    </div>
  </div>
</div>
`;
